#-----------------------------------------------------------
# Vivado v2022.2 (64-bit)
# SW Build 3671981 on Fri Oct 14 05:00:03 MDT 2022
# IP Build 3669848 on Fri Oct 14 08:30:02 MDT 2022
# Start of session at: Wed May 10 02:02:08 2023
# Process ID: 19460
# Current directory: D:/Daten_Universität/FPGA/VHDL/VHDL_Tutorial-master/7_5_4_Serielle_Kommunikation_Frequenzaehler_Ringoszillator_Gatterlaufzeitenbestimmung
# Command line: vivado.exe -gui_launcher_event rodinguilauncherevent19872 D:\Daten_Universität\FPGA\VHDL\VHDL_Tutorial-master\7_5_4_Serielle_Kommunikation_Frequenzaehler_Ringoszillator_Gatterlaufzeitenbestimmung\7_5_4_Serielle_Kommunikation_Frequenzaehler_Ringoszillator_Gatterlaufzeitenbestimmung.xpr
# Log file: D:/Daten_Universität/FPGA/VHDL/VHDL_Tutorial-master/7_5_4_Serielle_Kommunikation_Frequenzaehler_Ringoszillator_Gatterlaufzeitenbestimmung/vivado.log
# Journal file: D:/Daten_Universität/FPGA/VHDL/VHDL_Tutorial-master/7_5_4_Serielle_Kommunikation_Frequenzaehler_Ringoszillator_Gatterlaufzeitenbestimmung\vivado.jou
# Running On: LAPTOP-KJ027RNA, OS: Windows, CPU Frequency: 1800 MHz, CPU Physical cores: 4, Host memory: 17060 MB
#-----------------------------------------------------------
start_gui
